// Jest Snapshot v1, https://goo.gl/fbAQLP

exports[`Button should render correctly 1`] = `
<View
  style={
    Array [
      Object {
        "bottom": 0,
        "left": 0,
        "position": "absolute",
        "right": 0,
      },
      Object {
        "backgroundColor": "#7A7A80",
        "height": 1,
      },
    ]
  }
/>
`;
